// Jest Snapshot v1, https://goo.gl/fbAQLP

exports[`renders homepage unchanged 1`] = `
<div>
  <div
    class="container"
  >
    <h1
      class="title"
    >
      Roman Numeral Calculator
    </h1>
    <input
      type="number"
    />
    <div
      class="output"
    />
  </div>
</div>
`;
